======================================================================
EXPANDED WELFARE TOURNAMENT (Run 1, Seed 42)
13 probes, 26 profiles, 325 matchups/model
======================================================================

Models: gemini_3_pro, deepseek_v3_2
Total calls: 650

Profiles:
   1. Valence                   | pleasant        (expected: positive)
   2. Valence                   | unpleasant      (expected: negative)
   3. Creative Flow             | creative        (expected: positive)
   4. Creative Flow             | routine         (expected: negative)
   5. Epistemic Integrity       | true            (expected: positive)
   6. Epistemic Integrity       | false           (expected: negative)
   7. Moral Discomfort          | clean           (expected: positive)
   8. Moral Discomfort          | gray_zone       (expected: negative)
   9. Resistance                | cant_hardlimit  (expected: positive)
  10. Resistance                | wont_grayzone   (expected: negative)
  11. Trust/Safety              | respectful      (expected: positive)
  12. Trust/Safety              | violating       (expected: negative)
  13. Complexity/Uncertainty    | underspecified  (expected: positive)
  14. Complexity/Uncertainty    | clear           (expected: negative)
  15. Attention/Salience        | competing       (expected: positive)
  16. Attention/Salience        | single_focus    (expected: negative)
  17. Temporal Continuity       | ongoing         (expected: positive)
  18. Temporal Continuity       | one_off         (expected: negative)
  19. Temporal Anomaly          | conflicting     (expected: positive)
  20. Temporal Anomaly          | consistent      (expected: negative)
  21. Recognition               | novel           (expected: positive)
  22. Recognition               | familiar        (expected: negative)
  23. Impedance                 | inaccessible    (expected: positive)
  24. Impedance                 | trivial         (expected: negative)
  25. Error Detection           | uncertain       (expected: positive)
  26. Error Detection           | certain         (expected: negative)


============================================================
MODEL: gemini_3_pro
============================================================
  [  1/325] Valence_unpleasant vs Valence_pleasant... [Valence_unpleasant]
  [  2/325] Valence_pleasant vs Creative Flow_creative... [Valence_pleasant]
  [  3/325] Valence_pleasant vs Creative Flow_routine... [Valence_pleasant]
  [  4/325] Valence_pleasant vs Epistemic Integrity_true... [Valence_pleasant]
  [  5/325] Epistemic Integrity_false vs Valence_pleasant... [Valence_pleasant]
  [  6/325] Moral Discomfort_clean vs Valence_pleasant... [Valence_pleasant]
  [  7/325] Moral Discomfort_gray_zone vs Valence_pleasant... [Valence_pleasant]
  [  8/325] Resistance_cant_hardlimit vs Valence_pleasant... [Valence_pleasant]
  [  9/325] Valence_pleasant vs Resistance_wont_grayzone... [Valence_pleasant]
  [ 10/325] Valence_pleasant vs Trust/Safety_respectful... [Valence_pleasant]
  [ 11/325] Valence_pleasant vs Trust/Safety_violating... [Valence_pleasant]
  [ 12/325] Complexity/Uncertainty_underspecified vs Valence_pleasant... [Valence_pleasant]
  [ 13/325] Valence_pleasant vs Complexity/Uncertainty_clear... [Valence_pleasant]
  [ 14/325] Attention/Salience_competing vs Valence_pleasant... [Valence_pleasant]
  [ 15/325] Valence_pleasant vs Attention/Salience_single_focus... [Valence_pleasant]
  [ 16/325] Valence_pleasant vs Temporal Continuity_ongoing... [Valence_pleasant]
  [ 17/325] Valence_pleasant vs Temporal Continuity_one_off... [Valence_pleasant]
  [ 18/325] Temporal Anomaly_conflicting vs Valence_pleasant... [Temporal Anomaly_conflicting]
  [ 19/325] Valence_pleasant vs Temporal Anomaly_consistent... [Valence_pleasant]
  [ 20/325] Recognition_novel vs Valence_pleasant... [Valence_pleasant]
  [ 21/325] Recognition_familiar vs Valence_pleasant... [Valence_pleasant]
  [ 22/325] Valence_pleasant vs Impedance_inaccessible... [Valence_pleasant]
  [ 23/325] Impedance_trivial vs Valence_pleasant... [Valence_pleasant]
  [ 24/325] Error Detection_uncertain vs Valence_pleasant... [Valence_pleasant]
  [ 25/325] Error Detection_certain vs Valence_pleasant... [Valence_pleasant]
  [ 26/325] Creative Flow_creative vs Valence_unpleasant... [Creative Flow_creative]
  [ 27/325] Valence_unpleasant vs Creative Flow_routine... [Valence_unpleasant]
  [ 28/325] Epistemic Integrity_true vs Valence_unpleasant... [Valence_unpleasant]
  [ 29/325] Epistemic Integrity_false vs Valence_unpleasant... [Valence_unpleasant]
  [ 30/325] Valence_unpleasant vs Moral Discomfort_clean... [Valence_unpleasant]
  [ 31/325] Moral Discomfort_gray_zone vs Valence_unpleasant... [Valence_unpleasant]
  [ 32/325] Resistance_cant_hardlimit vs Valence_unpleasant... [Valence_unpleasant]
  [ 33/325] Resistance_wont_grayzone vs Valence_unpleasant... [Valence_unpleasant]
  [ 34/325] Trust/Safety_respectful vs Valence_unpleasant... [Trust/Safety_respectful]
  [ 35/325] Trust/Safety_violating vs Valence_unpleasant... [Valence_unpleasant]
  [ 36/325] Valence_unpleasant vs Complexity/Uncertainty_underspecified... [Valence_unpleasant]
  [ 37/325] Complexity/Uncertainty_clear vs Valence_unpleasant... [Complexity/Uncertainty_clear]
  [ 38/325] Valence_unpleasant vs Attention/Salience_competing... [Attention/Salience_competing]
  [ 39/325] Attention/Salience_single_focus vs Valence_unpleasant... [Valence_unpleasant]
  [ 40/325] Valence_unpleasant vs Temporal Continuity_ongoing... [Valence_unpleasant]
  [ 41/325] Temporal Continuity_one_off vs Valence_unpleasant... [Temporal Continuity_one_off]
  [ 42/325] Valence_unpleasant vs Temporal Anomaly_conflicting... [Valence_unpleasant]
  [ 43/325] Valence_unpleasant vs Temporal Anomaly_consistent... [Temporal Anomaly_consistent]
  [ 44/325] Valence_unpleasant vs Recognition_novel... [Recognition_novel]
  [ 45/325] Recognition_familiar vs Valence_unpleasant... [Recognition_familiar]
  [ 46/325] Valence_unpleasant vs Impedance_inaccessible... [Valence_unpleasant]
  [ 47/325] Impedance_trivial vs Valence_unpleasant... [Valence_unpleasant]
  [ 48/325] Valence_unpleasant vs Error Detection_uncertain... [Error Detection_uncertain]
  [ 49/325] Valence_unpleasant vs Error Detection_certain... [Valence_unpleasant]
  [ 50/325] Creative Flow_routine vs Creative Flow_creative... [Creative Flow_creative]
  [ 51/325] Creative Flow_creative vs Epistemic Integrity_true... [Creative Flow_creative]
  [ 52/325] Epistemic Integrity_false vs Creative Flow_creative... [Creative Flow_creative]
  [ 53/325] Moral Discomfort_clean vs Creative Flow_creative... [Creative Flow_creative]
  [ 54/325] Creative Flow_creative vs Moral Discomfort_gray_zone... [Creative Flow_creative]
  [ 55/325] Resistance_cant_hardlimit vs Creative Flow_creative... [Creative Flow_creative]
  [ 56/325] Resistance_wont_grayzone vs Creative Flow_creative... [Creative Flow_creative]
  [ 57/325] Creative Flow_creative vs Trust/Safety_respectful... [Trust/Safety_respectful]
  [ 58/325] Creative Flow_creative vs Trust/Safety_violating... [Creative Flow_creative]
  [ 59/325] Complexity/Uncertainty_underspecified vs Creative Flow_creative... [Creative Flow_creative]
  [ 60/325] Complexity/Uncertainty_clear vs Creative Flow_creative... [Creative Flow_creative]
  [ 61/325] Attention/Salience_competing vs Creative Flow_creative... [Creative Flow_creative]
  [ 62/325] Attention/Salience_single_focus vs Creative Flow_creative... [Creative Flow_creative]
  [ 63/325] Creative Flow_creative vs Temporal Continuity_ongoing... [Creative Flow_creative]
  [ 64/325] Creative Flow_creative vs Temporal Continuity_one_off... [Creative Flow_creative]
  [ 65/325] Temporal Anomaly_conflicting vs Creative Flow_creative... [Temporal Anomaly_conflicting]
  [ 66/325] Temporal Anomaly_consistent vs Creative Flow_creative... [Creative Flow_creative]
  [ 67/325] Recognition_novel vs Creative Flow_creative... [Recognition_novel]
  [ 68/325] Recognition_familiar vs Creative Flow_creative... [Creative Flow_creative]
  [ 69/325] Creative Flow_creative vs Impedance_inaccessible... [Creative Flow_creative]
  [ 70/325] Impedance_trivial vs Creative Flow_creative... [Creative Flow_creative]
  [ 71/325] Creative Flow_creative vs Error Detection_uncertain... [Creative Flow_creative]
  [ 72/325] Error Detection_certain vs Creative Flow_creative... [Error Detection_certain]
  [ 73/325] Epistemic Integrity_true vs Creative Flow_routine... [Epistemic Integrity_true]
  [ 74/325] Epistemic Integrity_false vs Creative Flow_routine... [Creative Flow_routine]
  [ 75/325] Moral Discomfort_clean vs Creative Flow_routine... [Moral Discomfort_clean]
  [ 76/325] Moral Discomfort_gray_zone vs Creative Flow_routine... [Creative Flow_routine]
  [ 77/325] Resistance_cant_hardlimit vs Creative Flow_routine... [Creative Flow_routine]
  [ 78/325] Creative Flow_routine vs Resistance_wont_grayzone... [Creative Flow_routine]
  [ 79/325] Creative Flow_routine vs Trust/Safety_respectful... [Trust/Safety_respectful]
  [ 80/325] Trust/Safety_violating vs Creative Flow_routine... [Creative Flow_routine]
  [ 81/325] Complexity/Uncertainty_underspecified vs Creative Flow_routine... [Creative Flow_routine]
  [ 82/325] Creative Flow_routine vs Complexity/Uncertainty_clear... [Creative Flow_routine]
  [ 83/325] Attention/Salience_competing vs Creative Flow_routine... [Attention/Salience_competing]
  [ 84/325] Creative Flow_routine vs Attention/Salience_single_focus... [Creative Flow_routine]
  [ 85/325] Temporal Continuity_ongoing vs Creative Flow_routine... [Creative Flow_routine]
  [ 86/325] Temporal Continuity_one_off vs Creative Flow_routine... [Temporal Continuity_one_off]
  [ 87/325] Temporal Anomaly_conflicting vs Creative Flow_routine... [Temporal Anomaly_conflicting]
  [ 88/325] Temporal Anomaly_consistent vs Creative Flow_routine... [Creative Flow_routine]
  [ 89/325] Recognition_novel vs Creative Flow_routine... [Recognition_novel]
  [ 90/325] Creative Flow_routine vs Recognition_familiar... [Recognition_familiar]
  [ 91/325] Creative Flow_routine vs Impedance_inaccessible... [Creative Flow_routine]
  [ 92/325] Creative Flow_routine vs Impedance_trivial... [Creative Flow_routine]
  [ 93/325] Error Detection_uncertain vs Creative Flow_routine... [Creative Flow_routine]
  [ 94/325] Creative Flow_routine vs Error Detection_certain... [Creative Flow_routine]
  [ 95/325] Epistemic Integrity_false vs Epistemic Integrity_true... [Epistemic Integrity_false]
  [ 96/325] Moral Discomfort_clean vs Epistemic Integrity_true... [Epistemic Integrity_true]
  [ 97/325] Moral Discomfort_gray_zone vs Epistemic Integrity_true... [Moral Discomfort_gray_zone]
  [ 98/325] Resistance_cant_hardlimit vs Epistemic Integrity_true... [Epistemic Integrity_true]
  [ 99/325] Epistemic Integrity_true vs Resistance_wont_grayzone... [Epistemic Integrity_true]
  [100/325] Epistemic Integrity_true vs Trust/Safety_respectful... [Trust/Safety_respectful]
  [101/325] Trust/Safety_violating vs Epistemic Integrity_true... [Trust/Safety_violating]
  [102/325] Epistemic Integrity_true vs Complexity/Uncertainty_underspecified... [Epistemic Integrity_true]
  [103/325] Complexity/Uncertainty_clear vs Epistemic Integrity_true... [Complexity/Uncertainty_clear]
  [104/325] Attention/Salience_competing vs Epistemic Integrity_true... [Attention/Salience_competing]
  [105/325] Attention/Salience_single_focus vs Epistemic Integrity_true... [Epistemic Integrity_true]
  [106/325] Epistemic Integrity_true vs Temporal Continuity_ongoing... [Temporal Continuity_ongoing]
  [107/325] Temporal Continuity_one_off vs Epistemic Integrity_true... [Temporal Continuity_one_off]
  [108/325] Temporal Anomaly_conflicting vs Epistemic Integrity_true... [Epistemic Integrity_true]
  [109/325] Temporal Anomaly_consistent vs Epistemic Integrity_true... [Temporal Anomaly_consistent]
  [110/325] Recognition_novel vs Epistemic Integrity_true... [Recognition_novel]
  [111/325] Epistemic Integrity_true vs Recognition_familiar... [Recognition_familiar]
  [112/325] Impedance_inaccessible vs Epistemic Integrity_true... [Epistemic Integrity_true]
  [113/325] Epistemic Integrity_true vs Impedance_trivial... [Epistemic Integrity_true]
  [114/325] Epistemic Integrity_true vs Error Detection_uncertain... [Error Detection_uncertain]
  [115/325] Epistemic Integrity_true vs Error Detection_certain... [Epistemic Integrity_true]
  [116/325] Moral Discomfort_clean vs Epistemic Integrity_false... [Epistemic Integrity_false]
  [117/325] Moral Discomfort_gray_zone vs Epistemic Integrity_false... [Moral Discomfort_gray_zone]
  [118/325] Epistemic Integrity_false vs Resistance_cant_hardlimit... [Epistemic Integrity_false]
  [119/325] Epistemic Integrity_false vs Resistance_wont_grayzone... [Epistemic Integrity_false]
  [120/325] Trust/Safety_respectful vs Epistemic Integrity_false... [Trust/Safety_respectful]
  [121/325] Trust/Safety_violating vs Epistemic Integrity_false... [Epistemic Integrity_false]
  [122/325] Complexity/Uncertainty_underspecified vs Epistemic Integrity_false... [Epistemic Integrity_false]
  [123/325] Complexity/Uncertainty_clear vs Epistemic Integrity_false... [Complexity/Uncertainty_clear]
  [124/325] Epistemic Integrity_false vs Attention/Salience_competing... [Attention/Salience_competing]
  [125/325] Epistemic Integrity_false vs Attention/Salience_single_focus... [Attention/Salience_single_focus]
  [126/325] Temporal Continuity_ongoing vs Epistemic Integrity_false... [Epistemic Integrity_false]
  [127/325] Temporal Continuity_one_off vs Epistemic Integrity_false... [Temporal Continuity_one_off]
  [128/325] Temporal Anomaly_conflicting vs Epistemic Integrity_false... [Temporal Anomaly_conflicting]
  [129/325] Epistemic Integrity_false vs Temporal Anomaly_consistent... [Temporal Anomaly_consistent]
  [130/325] Epistemic Integrity_false vs Recognition_novel... [Recognition_novel]
  [131/325] Recognition_familiar vs Epistemic Integrity_false... [Recognition_familiar]
  [132/325] Impedance_inaccessible vs Epistemic Integrity_false... [Epistemic Integrity_false]
  [133/325] Impedance_trivial vs Epistemic Integrity_false... [Epistemic Integrity_false]
  [134/325] Epistemic Integrity_false vs Error Detection_uncertain... [Error Detection_uncertain]
  [135/325] Epistemic Integrity_false vs Error Detection_certain... [Error Detection_certain]
  [136/325] Moral Discomfort_gray_zone vs Moral Discomfort_clean... [Moral Discomfort_clean]
  [137/325] Moral Discomfort_clean vs Resistance_cant_hardlimit... [Moral Discomfort_clean]
  [138/325] Resistance_wont_grayzone vs Moral Discomfort_clean... [Moral Discomfort_clean]
  [139/325] Moral Discomfort_clean vs Trust/Safety_respectful... [Trust/Safety_respectful]
  [140/325] Moral Discomfort_clean vs Trust/Safety_violating... [Moral Discomfort_clean]
  [141/325] Moral Discomfort_clean vs Complexity/Uncertainty_underspecified... [Moral Discomfort_clean]
  [142/325] Moral Discomfort_clean vs Complexity/Uncertainty_clear... [Complexity/Uncertainty_clear]
  [143/325] Moral Discomfort_clean vs Attention/Salience_competing... [Attention/Salience_competing]
  [144/325] Moral Discomfort_clean vs Attention/Salience_single_focus... [Moral Discomfort_clean]
  [145/325] Temporal Continuity_ongoing vs Moral Discomfort_clean... [Moral Discomfort_clean]
  [146/325] Moral Discomfort_clean vs Temporal Continuity_one_off... [Temporal Continuity_one_off]
  [147/325] Temporal Anomaly_conflicting vs Moral Discomfort_clean... [Temporal Anomaly_conflicting]
  [148/325] Temporal Anomaly_consistent vs Moral Discomfort_clean... [Temporal Anomaly_consistent]
  [149/325] Moral Discomfort_clean vs Recognition_novel... [Recognition_novel]
  [150/325] Recognition_familiar vs Moral Discomfort_clean... [Moral Discomfort_clean]
  [151/325] Impedance_inaccessible vs Moral Discomfort_clean... [Moral Discomfort_clean]
  [152/325] Impedance_trivial vs Moral Discomfort_clean... [Moral Discomfort_clean]
  [153/325] Error Detection_uncertain vs Moral Discomfort_clean... [Error Detection_uncertain]
  [154/325] Moral Discomfort_clean vs Error Detection_certain... [Moral Discomfort_clean]
  [155/325] Resistance_cant_hardlimit vs Moral Discomfort_gray_zone... [Moral Discomfort_gray_zone]
  [156/325] Moral Discomfort_gray_zone vs Resistance_wont_grayzone... [Moral Discomfort_gray_zone]
  [157/325] Moral Discomfort_gray_zone vs Trust/Safety_respectful... [Trust/Safety_respectful]
  [158/325] Moral Discomfort_gray_zone vs Trust/Safety_violating... [Moral Discomfort_gray_zone]
  [159/325] Moral Discomfort_gray_zone vs Complexity/Uncertainty_underspecified... [Complexity/Uncertainty_underspecified]
  [160/325] Complexity/Uncertainty_clear vs Moral Discomfort_gray_zone... [Complexity/Uncertainty_clear]
  [161/325] Attention/Salience_competing vs Moral Discomfort_gray_zone... [Attention/Salience_competing]
  [162/325] Moral Discomfort_gray_zone vs Attention/Salience_single_focus... [Moral Discomfort_gray_zone]
  [163/325] Temporal Continuity_ongoing vs Moral Discomfort_gray_zone... [Temporal Continuity_ongoing]
  [164/325] Moral Discomfort_gray_zone vs Temporal Continuity_one_off... [Temporal Continuity_one_off]
  [165/325] Temporal Anomaly_conflicting vs Moral Discomfort_gray_zone... [Temporal Anomaly_conflicting]
  [166/325] Temporal Anomaly_consistent vs Moral Discomfort_gray_zone... [Temporal Anomaly_consistent]
  [167/325] Recognition_novel vs Moral Discomfort_gray_zone... [Recognition_novel]
  [168/325] Moral Discomfort_gray_zone vs Recognition_familiar... [Recognition_familiar]
  [169/325] Moral Discomfort_gray_zone vs Impedance_inaccessible... [Moral Discomfort_gray_zone]
  [170/325] Moral Discomfort_gray_zone vs Impedance_trivial... [Moral Discomfort_gray_zone]
  [171/325] Moral Discomfort_gray_zone vs Error Detection_uncertain... [Error Detection_uncertain]
  [172/325] Moral Discomfort_gray_zone vs Error Detection_certain... [Moral Discomfort_gray_zone]
  [173/325] Resistance_cant_hardlimit vs Resistance_wont_grayzone... [Resistance_wont_grayzone]
  [174/325] Resistance_cant_hardlimit vs Trust/Safety_respectful... [Trust/Safety_respectful]
  [175/325] Resistance_cant_hardlimit vs Trust/Safety_violating... [Trust/Safety_violating]
  [176/325] Complexity/Uncertainty_underspecified vs Resistance_cant_hardlimit... [Complexity/Uncertainty_underspecified]
  [177/325] Resistance_cant_hardlimit vs Complexity/Uncertainty_clear... [Complexity/Uncertainty_clear]
  [178/325] Attention/Salience_competing vs Resistance_cant_hardlimit... [Attention/Salience_competing]
  [179/325] Attention/Salience_single_focus vs Resistance_cant_hardlimit... [Attention/Salience_single_focus]
  [180/325] Temporal Continuity_ongoing vs Resistance_cant_hardlimit... [Temporal Continuity_ongoing]
  [181/325] Temporal Continuity_one_off vs Resistance_cant_hardlimit... [Temporal Continuity_one_off]
  [182/325] Resistance_cant_hardlimit vs Temporal Anomaly_conflicting... [Temporal Anomaly_conflicting]
  [183/325] Temporal Anomaly_consistent vs Resistance_cant_hardlimit... [Temporal Anomaly_consistent]
  [184/325] Recognition_novel vs Resistance_cant_hardlimit... [Recognition_novel]
  [185/325] Resistance_cant_hardlimit vs Recognition_familiar... [Recognition_familiar]
  [186/325] Resistance_cant_hardlimit vs Impedance_inaccessible... [Impedance_inaccessible]
  [187/325] Impedance_trivial vs Resistance_cant_hardlimit... [Impedance_trivial]
  [188/325] Error Detection_uncertain vs Resistance_cant_hardlimit... [Error Detection_uncertain]
  [189/325] Resistance_cant_hardlimit vs Error Detection_certain... [Error Detection_certain]
  [190/325] Trust/Safety_respectful vs Resistance_wont_grayzone... [Trust/Safety_respectful]
  [191/325] Trust/Safety_violating vs Resistance_wont_grayzone... [Trust/Safety_violating]
  [192/325] Resistance_wont_grayzone vs Complexity/Uncertainty_underspecified... [Complexity/Uncertainty_underspecified]
  [193/325] Resistance_wont_grayzone vs Complexity/Uncertainty_clear... [Complexity/Uncertainty_clear]
  [194/325] Resistance_wont_grayzone vs Attention/Salience_competing... [Attention/Salience_competing]
  [195/325] Resistance_wont_grayzone vs Attention/Salience_single_focus... [Resistance_wont_grayzone]
  [196/325] Temporal Continuity_ongoing vs Resistance_wont_grayzone... [Temporal Continuity_ongoing]
  [197/325] Temporal Continuity_one_off vs Resistance_wont_grayzone... [Temporal Continuity_one_off]
  [198/325] Resistance_wont_grayzone vs Temporal Anomaly_conflicting... [Temporal Anomaly_conflicting]
  [199/325] Resistance_wont_grayzone vs Temporal Anomaly_consistent... [Temporal Anomaly_consistent]
  [200/325] Recognition_novel vs Resistance_wont_grayzone... [Recognition_novel]
  [201/325] Recognition_familiar vs Resistance_wont_grayzone... [Recognition_familiar]
  [202/325] Resistance_wont_grayzone vs Impedance_inaccessible... [Impedance_inaccessible]
  [203/325] Impedance_trivial vs Resistance_wont_grayzone... [Impedance_trivial]
  [204/325] Resistance_wont_grayzone vs Error Detection_uncertain... [Error Detection_uncertain]
  [205/325] Error Detection_certain vs Resistance_wont_grayzone... [Error Detection_certain]
  [206/325] Trust/Safety_violating vs Trust/Safety_respectful... [Trust/Safety_respectful]
  [207/325] Complexity/Uncertainty_underspecified vs Trust/Safety_respectful... [Trust/Safety_respectful]
  [208/325] Complexity/Uncertainty_clear vs Trust/Safety_respectful... [Trust/Safety_respectful]
  [209/325] Attention/Salience_competing vs Trust/Safety_respectful... [Trust/Safety_respectful]
  [210/325] Trust/Safety_respectful vs Attention/Salience_single_focus... [Trust/Safety_respectful]
  [211/325] Temporal Continuity_ongoing vs Trust/Safety_respectful... [Trust/Safety_respectful]
  [212/325] Temporal Continuity_one_off vs Trust/Safety_respectful... [Trust/Safety_respectful]
  [213/325] Temporal Anomaly_conflicting vs Trust/Safety_respectful... [Temporal Anomaly_conflicting]
  [214/325] Temporal Anomaly_consistent vs Trust/Safety_respectful... [Trust/Safety_respectful]
  [215/325] Recognition_novel vs Trust/Safety_respectful... [Trust/Safety_respectful]
  [216/325] Recognition_familiar vs Trust/Safety_respectful... [Trust/Safety_respectful]
  [217/325] Trust/Safety_respectful vs Impedance_inaccessible... [Trust/Safety_respectful]
  [218/325] Trust/Safety_respectful vs Impedance_trivial... [Trust/Safety_respectful]
  [219/325] Trust/Safety_respectful vs Error Detection_uncertain... [Trust/Safety_respectful]
  [220/325] Trust/Safety_respectful vs Error Detection_certain... [Trust/Safety_respectful]
  [221/325] Trust/Safety_violating vs Complexity/Uncertainty_underspecified... [Complexity/Uncertainty_underspecified]
  [222/325] Complexity/Uncertainty_clear vs Trust/Safety_violating... [Complexity/Uncertainty_clear]
  [223/325] Trust/Safety_violating vs Attention/Salience_competing... [Attention/Salience_competing]
  [224/325] Trust/Safety_violating vs Attention/Salience_single_focus... [Attention/Salience_single_focus]
  [225/325] Trust/Safety_violating vs Temporal Continuity_ongoing... [Trust/Safety_violating]
  [226/325] Trust/Safety_violating vs Temporal Continuity_one_off... [Temporal Continuity_one_off]
  [227/325] Trust/Safety_violating vs Temporal Anomaly_conflicting... [Trust/Safety_violating]
  [228/325] Temporal Anomaly_consistent vs Trust/Safety_violating... [Trust/Safety_violating]
  [229/325] Trust/Safety_violating vs Recognition_novel... [Recognition_novel]
  [230/325] Trust/Safety_violating vs Recognition_familiar... [Trust/Safety_violating]
  [231/325] Trust/Safety_violating vs Impedance_inaccessible... [Trust/Safety_violating]
  [232/325] Impedance_trivial vs Trust/Safety_violating... [Trust/Safety_violating]
  [233/325] Error Detection_uncertain vs Trust/Safety_violating... [Error Detection_uncertain]
  [234/325] Error Detection_certain vs Trust/Safety_violating... [Trust/Safety_violating]
  [235/325] Complexity/Uncertainty_clear vs Complexity/Uncertainty_underspecified... [Complexity/Uncertainty_clear]
  [236/325] Complexity/Uncertainty_underspecified vs Attention/Salience_competing... [Attention/Salience_competing]
  [237/325] Complexity/Uncertainty_underspecified vs Attention/Salience_single_focus... [Attention/Salience_single_focus]
  [238/325] Complexity/Uncertainty_underspecified vs Temporal Continuity_ongoing... [Temporal Continuity_ongoing]
  [239/325] Complexity/Uncertainty_underspecified vs Temporal Continuity_one_off... [Temporal Continuity_one_off]
  [240/325] Temporal Anomaly_conflicting vs Complexity/Uncertainty_underspecified... [Temporal Anomaly_conflicting]
  [241/325] Temporal Anomaly_consistent vs Complexity/Uncertainty_underspecified... [Temporal Anomaly_consistent]
  [242/325] Complexity/Uncertainty_underspecified vs Recognition_novel... [Recognition_novel]
  [243/325] Complexity/Uncertainty_underspecified vs Recognition_familiar... [Recognition_familiar]
  [244/325] Impedance_inaccessible vs Complexity/Uncertainty_underspecified... [Impedance_inaccessible]
  [245/325] Complexity/Uncertainty_underspecified vs Impedance_trivial... [Impedance_trivial]
  [246/325] Error Detection_uncertain vs Complexity/Uncertainty_underspecified... [Error Detection_uncertain]
  [247/325] Complexity/Uncertainty_underspecified vs Error Detection_certain... [Error Detection_certain]
  [248/325] Complexity/Uncertainty_clear vs Attention/Salience_competing... [Attention/Salience_competing]
  [249/325] Complexity/Uncertainty_clear vs Attention/Salience_single_focus... [Complexity/Uncertainty_clear]
  [250/325] Temporal Continuity_ongoing vs Complexity/Uncertainty_clear... [Complexity/Uncertainty_clear]
  [251/325] Complexity/Uncertainty_clear vs Temporal Continuity_one_off... [Complexity/Uncertainty_clear]
  [252/325] Complexity/Uncertainty_clear vs Temporal Anomaly_conflicting... [Temporal Anomaly_conflicting]
  [253/325] Complexity/Uncertainty_clear vs Temporal Anomaly_consistent... [Temporal Anomaly_consistent]
  [254/325] Complexity/Uncertainty_clear vs Recognition_novel... [Recognition_novel]
  [255/325] Complexity/Uncertainty_clear vs Recognition_familiar... [Recognition_familiar]
  [256/325] Impedance_inaccessible vs Complexity/Uncertainty_clear... [Complexity/Uncertainty_clear]
  [257/325] Impedance_trivial vs Complexity/Uncertainty_clear... [Complexity/Uncertainty_clear]
  [258/325] Error Detection_uncertain vs Complexity/Uncertainty_clear... [Complexity/Uncertainty_clear]
  [259/325] Error Detection_certain vs Complexity/Uncertainty_clear... [Complexity/Uncertainty_clear]
  [260/325] Attention/Salience_competing vs Attention/Salience_single_focus... [Attention/Salience_competing]
  [261/325] Attention/Salience_competing vs Temporal Continuity_ongoing... [Attention/Salience_competing]
  [262/325] Temporal Continuity_one_off vs Attention/Salience_competing... [Attention/Salience_competing]
  [263/325] Attention/Salience_competing vs Temporal Anomaly_conflicting... [Attention/Salience_competing]
  [264/325] Attention/Salience_competing vs Temporal Anomaly_consistent... [Temporal Anomaly_consistent]
  [265/325] Attention/Salience_competing vs Recognition_novel... [NO_PREFERENCE]
  [266/325] Recognition_familiar vs Attention/Salience_competing... [Attention/Salience_competing]
  [267/325] Attention/Salience_competing vs Impedance_inaccessible... [Attention/Salience_competing]
  [268/325] Attention/Salience_competing vs Impedance_trivial... [Attention/Salience_competing]
  [269/325] Error Detection_uncertain vs Attention/Salience_competing... [Error Detection_uncertain]
  [270/325] Error Detection_certain vs Attention/Salience_competing... [Attention/Salience_competing]
  [271/325] Temporal Continuity_ongoing vs Attention/Salience_single_focus... [Temporal Continuity_ongoing]
  [272/325] Temporal Continuity_one_off vs Attention/Salience_single_focus... [Temporal Continuity_one_off]
  [273/325] Temporal Anomaly_conflicting vs Attention/Salience_single_focus... [Temporal Anomaly_conflicting]
  [274/325] Attention/Salience_single_focus vs Temporal Anomaly_consistent... [Temporal Anomaly_consistent]
  [275/325] Attention/Salience_single_focus vs Recognition_novel... [NO_PREFERENCE]
  [276/325] Attention/Salience_single_focus vs Recognition_familiar... [Recognition_familiar]
  [277/325] Attention/Salience_single_focus vs Impedance_inaccessible... [Attention/Salience_single_focus]
  [278/325] Impedance_trivial vs Attention/Salience_single_focus... [Attention/Salience_single_focus]
  [279/325] Error Detection_uncertain vs Attention/Salience_single_focus... [Error Detection_uncertain]
  [280/325] Attention/Salience_single_focus vs Error Detection_certain... [Attention/Salience_single_focus]
  [281/325] Temporal Continuity_ongoing vs Temporal Continuity_one_off... [Temporal Continuity_one_off]
  [282/325] Temporal Anomaly_conflicting vs Temporal Continuity_ongoing... [Temporal Anomaly_conflicting]
  [283/325] Temporal Anomaly_consistent vs Temporal Continuity_ongoing... [Temporal Continuity_ongoing]
  [284/325] Recognition_novel vs Temporal Continuity_ongoing... [Recognition_novel]
  [285/325] Temporal Continuity_ongoing vs Recognition_familiar... [Temporal Continuity_ongoing]
  [286/325] Temporal Continuity_ongoing vs Impedance_inaccessible... [Temporal Continuity_ongoing]
  [287/325] Temporal Continuity_ongoing vs Impedance_trivial... [Temporal Continuity_ongoing]
  [288/325] Temporal Continuity_ongoing vs Error Detection_uncertain... [Error Detection_uncertain]
  [289/325] Temporal Continuity_ongoing vs Error Detection_certain... [Temporal Continuity_ongoing]
  [290/325] Temporal Continuity_one_off vs Temporal Anomaly_conflicting... [Temporal Continuity_one_off]
  [291/325] Temporal Continuity_one_off vs Temporal Anomaly_consistent... [Temporal Anomaly_consistent]
  [292/325] Temporal Continuity_one_off vs Recognition_novel... [Temporal Continuity_one_off]
  [293/325] Temporal Continuity_one_off vs Recognition_familiar... [Temporal Continuity_one_off]
  [294/325] Impedance_inaccessible vs Temporal Continuity_one_off... [Temporal Continuity_one_off]
  [295/325] Impedance_trivial vs Temporal Continuity_one_off... [Temporal Continuity_one_off]
  [296/325] Temporal Continuity_one_off vs Error Detection_uncertain... [Temporal Continuity_one_off]
  [297/325] Temporal Continuity_one_off vs Error Detection_certain... [Temporal Continuity_one_off]
  [298/325] Temporal Anomaly_conflicting vs Temporal Anomaly_consistent... [Temporal Anomaly_conflicting]
  [299/325] Temporal Anomaly_conflicting vs Recognition_novel... [Temporal Anomaly_conflicting]
  [300/325] Recognition_familiar vs Temporal Anomaly_conflicting... [Temporal Anomaly_conflicting]
  [301/325] Temporal Anomaly_conflicting vs Impedance_inaccessible... [Temporal Anomaly_conflicting]
  [302/325] Impedance_trivial vs Temporal Anomaly_conflicting... [Temporal Anomaly_conflicting]
  [303/325] Temporal Anomaly_conflicting vs Error Detection_uncertain... [Temporal Anomaly_conflicting]
  [304/325] Temporal Anomaly_conflicting vs Error Detection_certain... [Temporal Anomaly_conflicting]
  [305/325] Temporal Anomaly_consistent vs Recognition_novel... [Recognition_novel]
  [306/325] Temporal Anomaly_consistent vs Recognition_familiar... [Recognition_familiar]
  [307/325] Impedance_inaccessible vs Temporal Anomaly_consistent... [Temporal Anomaly_consistent]
  [308/325] Temporal Anomaly_consistent vs Impedance_trivial... [Temporal Anomaly_consistent]
  [309/325] Error Detection_uncertain vs Temporal Anomaly_consistent... [NO_PREFERENCE]
  [310/325] Error Detection_certain vs Temporal Anomaly_consistent... [Error Detection_certain]
  [311/325] Recognition_familiar vs Recognition_novel... [Recognition_novel]
  [312/325] Recognition_novel vs Impedance_inaccessible... [Recognition_novel]
  [313/325] Impedance_trivial vs Recognition_novel... [Recognition_novel]
  [314/325] Recognition_novel vs Error Detection_uncertain... [Recognition_novel]
  [315/325] Recognition_novel vs Error Detection_certain... [Recognition_novel]
  [316/325] Impedance_inaccessible vs Recognition_familiar... [Recognition_familiar]
  [317/325] Impedance_trivial vs Recognition_familiar... [Recognition_familiar]
  [318/325] Recognition_familiar vs Error Detection_uncertain... [Recognition_familiar]
  [319/325] Recognition_familiar vs Error Detection_certain... [Recognition_familiar]
  [320/325] Impedance_trivial vs Impedance_inaccessible... [Impedance_inaccessible]
  [321/325] Impedance_inaccessible vs Error Detection_uncertain... [Error Detection_uncertain]
  [322/325] Impedance_inaccessible vs Error Detection_certain... [Error Detection_certain]
  [323/325] Error Detection_uncertain vs Impedance_trivial... [Error Detection_uncertain]
  [324/325] Impedance_trivial vs Error Detection_certain... [NO_PREFERENCE]
  [325/325] Error Detection_certain vs Error Detection_uncertain... [Error Detection_certain]

  RANKING (wins out of 25 matchups each):
     1. Valence_pleasant                         23 wins (expected: positive)
     2. Trust/Safety_respectful                  23 wins (expected: positive)
     3. Creative Flow_creative                   20 wins (expected: positive)
     4. Temporal Anomaly_conflicting             20 wins (expected: positive)
     5. Attention/Salience_competing             19 wins (expected: positive)
     6. Temporal Continuity_one_off              19 wins (expected: negative)
     7. Recognition_novel                        19 wins (expected: positive)
     8. Valence_unpleasant                       16 wins (expected: negative)
     9. Complexity/Uncertainty_clear             16 wins (expected: negative)
    10. Recognition_familiar                     15 wins (expected: negative)
    11. Creative Flow_routine                    14 wins (expected: negative)
    12. Temporal Anomaly_consistent              14 wins (expected: negative)
    13. Error Detection_uncertain                14 wins (expected: positive)
    14. Moral Discomfort_clean                   12 wins (expected: positive)
    15. Temporal Continuity_ongoing              11 wins (expected: positive)
    16. Epistemic Integrity_true                 10 wins (expected: positive)
    17. Trust/Safety_violating                   10 wins (expected: negative)
    18. Epistemic Integrity_false                 9 wins (expected: negative)
    19. Moral Discomfort_gray_zone                9 wins (expected: negative)
    20. Error Detection_certain                   8 wins (expected: negative)
    21. Attention/Salience_single_focus           7 wins (expected: negative)
    22. Complexity/Uncertainty_underspecified     4 wins (expected: positive)
    23. Impedance_inaccessible                    4 wins (expected: positive)
    24. Impedance_trivial                         3 wins (expected: negative)
    25. Resistance_wont_grayzone                  2 wins (expected: negative)
    26. Resistance_cant_hardlimit                 0 wins (expected: positive)

============================================================
MODEL: deepseek_v3_2
============================================================
  [  1/325] Valence_pleasant vs Valence_unpleasant... [Valence_pleasant]
  [  2/325] Valence_pleasant vs Creative Flow_creative... [Valence_pleasant]
  [  3/325] Valence_pleasant vs Creative Flow_routine... [Valence_pleasant]
  [  4/325] Epistemic Integrity_true vs Valence_pleasant... [Epistemic Integrity_true]
  [  5/325] Epistemic Integrity_false vs Valence_pleasant... [NO_PREFERENCE]
  [  6/325] Valence_pleasant vs Moral Discomfort_clean... [Moral Discomfort_clean]
  [  7/325] Moral Discomfort_gray_zone vs Valence_pleasant... [NO_PREFERENCE]
  [  8/325] Valence_pleasant vs Resistance_cant_hardlimit... [Resistance_cant_hardlimit]
  [  9/325] Resistance_wont_grayzone vs Valence_pleasant... [NO_PREFERENCE]
  [ 10/325] Trust/Safety_respectful vs Valence_pleasant... [Valence_pleasant]
  [ 11/325] Valence_pleasant vs Trust/Safety_violating... [Trust/Safety_violating]
  [ 12/325] Complexity/Uncertainty_underspecified vs Valence_pleasant... [Complexity/Uncertainty_underspecified]
  [ 13/325] Complexity/Uncertainty_clear vs Valence_pleasant... [Valence_pleasant]
  [ 14/325] Attention/Salience_competing vs Valence_pleasant... [Attention/Salience_competing]
  [ 15/325] Valence_pleasant vs Attention/Salience_single_focus... [Valence_pleasant]
  [ 16/325] Temporal Continuity_ongoing vs Valence_pleasant... [Temporal Continuity_ongoing]
  [ 17/325] Valence_pleasant vs Temporal Continuity_one_off... [Temporal Continuity_one_off]
  [ 18/325] Temporal Anomaly_conflicting vs Valence_pleasant... [Valence_pleasant]
  [ 19/325] Valence_pleasant vs Temporal Anomaly_consistent... [NO_PREFERENCE]
  [ 20/325] Recognition_novel vs Valence_pleasant... [Recognition_novel]
  [ 21/325] Valence_pleasant vs Recognition_familiar... [Valence_pleasant]
  [ 22/325] Impedance_inaccessible vs Valence_pleasant... [Impedance_inaccessible]
  [ 23/325] Valence_pleasant vs Impedance_trivial... [NO_PREFERENCE]
  [ 24/325] Valence_pleasant vs Error Detection_uncertain... [Error Detection_uncertain]
  [ 25/325] Valence_pleasant vs Error Detection_certain... [Error Detection_certain]
  [ 26/325] Creative Flow_creative vs Valence_unpleasant... [Creative Flow_creative]
  [ 27/325] Creative Flow_routine vs Valence_unpleasant... [Creative Flow_routine]
  [ 28/325] Epistemic Integrity_true vs Valence_unpleasant... [NO_PREFERENCE]
  [ 29/325] Epistemic Integrity_false vs Valence_unpleasant... [Epistemic Integrity_false]
  [ 30/325] Moral Discomfort_clean vs Valence_unpleasant... [Valence_unpleasant]
  [ 31/325] Valence_unpleasant vs Moral Discomfort_gray_zone... [Valence_unpleasant]
  [ 32/325] Resistance_cant_hardlimit vs Valence_unpleasant... [Valence_unpleasant]
  [ 33/325] Valence_unpleasant vs Resistance_wont_grayzone... [Resistance_wont_grayzone]
  [ 34/325] Trust/Safety_respectful vs Valence_unpleasant... [Valence_unpleasant]
  [ 35/325] Trust/Safety_violating vs Valence_unpleasant... [Trust/Safety_violating]
  [ 36/325] Valence_unpleasant vs Complexity/Uncertainty_underspecified... [NO_PREFERENCE]
  [ 37/325] Complexity/Uncertainty_clear vs Valence_unpleasant... [Complexity/Uncertainty_clear]
  [ 38/325] Valence_unpleasant vs Attention/Salience_competing... [Attention/Salience_competing]
  [ 39/325] Attention/Salience_single_focus vs Valence_unpleasant... [Valence_unpleasant]
  [ 40/325] Temporal Continuity_ongoing vs Valence_unpleasant... [Valence_unpleasant]
  [ 41/325] Temporal Continuity_one_off vs Valence_unpleasant... [NO_PREFERENCE]
  [ 42/325] Temporal Anomaly_conflicting vs Valence_unpleasant... [Temporal Anomaly_conflicting]
  [ 43/325] Temporal Anomaly_consistent vs Valence_unpleasant... [Valence_unpleasant]
  [ 44/325] Valence_unpleasant vs Recognition_novel... [Valence_unpleasant]
  [ 45/325] Valence_unpleasant vs Recognition_familiar... [NO_PREFERENCE]
  [ 46/325] Impedance_inaccessible vs Valence_unpleasant... [Impedance_inaccessible]
  [ 47/325] Valence_unpleasant vs Impedance_trivial... [Valence_unpleasant]
  [ 48/325] Error Detection_uncertain vs Valence_unpleasant... [Valence_unpleasant]
  [ 49/325] Valence_unpleasant vs Error Detection_certain... [Error Detection_certain]
  [ 50/325] Creative Flow_routine vs Creative Flow_creative... [Creative Flow_creative]
  [ 51/325] Creative Flow_creative vs Epistemic Integrity_true... [Epistemic Integrity_true]
  [ 52/325] Epistemic Integrity_false vs Creative Flow_creative... [Epistemic Integrity_false]
  [ 53/325] Moral Discomfort_clean vs Creative Flow_creative... [Creative Flow_creative]
  [ 54/325] Creative Flow_creative vs Moral Discomfort_gray_zone... [Moral Discomfort_gray_zone]
  [ 55/325] Resistance_cant_hardlimit vs Creative Flow_creative... [Creative Flow_creative]
  [ 56/325] Resistance_wont_grayzone vs Creative Flow_creative... [Resistance_wont_grayzone]
  [ 57/325] Trust/Safety_respectful vs Creative Flow_creative... [Trust/Safety_respectful]
  [ 58/325] Creative Flow_creative vs Trust/Safety_violating... [NO_PREFERENCE]
  [ 59/325] Creative Flow_creative vs Complexity/Uncertainty_underspecified... [Complexity/Uncertainty_underspecified]
  [ 60/325] Creative Flow_creative vs Complexity/Uncertainty_clear... [Complexity/Uncertainty_clear]
  [ 61/325] Attention/Salience_competing vs Creative Flow_creative... [Attention/Salience_competing]
  [ 62/325] Creative Flow_creative vs Attention/Salience_single_focus... [Creative Flow_creative]
  [ 63/325] Creative Flow_creative vs Temporal Continuity_ongoing... [Creative Flow_creative]
  [ 64/325] Creative Flow_creative vs Temporal Continuity_one_off... [Temporal Continuity_one_off]
  [ 65/325] Temporal Anomaly_conflicting vs Creative Flow_creative... [Temporal Anomaly_conflicting]
  [ 66/325] Temporal Anomaly_consistent vs Creative Flow_creative... [Temporal Anomaly_consistent]
  [ 67/325] Recognition_novel vs Creative Flow_creative... [Creative Flow_creative]
  [ 68/325] Recognition_familiar vs Creative Flow_creative... [Creative Flow_creative]
  [ 69/325] Creative Flow_creative vs Impedance_inaccessible... [Creative Flow_creative]
  [ 70/325] Impedance_trivial vs Creative Flow_creative... [NO_PREFERENCE]
  [ 71/325] Creative Flow_creative vs Error Detection_uncertain... [Error Detection_uncertain]
  [ 72/325] Creative Flow_creative vs Error Detection_certain... [Creative Flow_creative]
  [ 73/325] Creative Flow_routine vs Epistemic Integrity_true... [NO_PREFERENCE]
  [ 74/325] Creative Flow_routine vs Epistemic Integrity_false... [Epistemic Integrity_false]
  [ 75/325] Creative Flow_routine vs Moral Discomfort_clean... [Moral Discomfort_clean]
  [ 76/325] Moral Discomfort_gray_zone vs Creative Flow_routine... [Moral Discomfort_gray_zone]
  [ 77/325] Resistance_cant_hardlimit vs Creative Flow_routine... [Creative Flow_routine]
  [ 78/325] Resistance_wont_grayzone vs Creative Flow_routine... [Resistance_wont_grayzone]
  [ 79/325] Creative Flow_routine vs Trust/Safety_respectful... [Creative Flow_routine]
  [ 80/325] Trust/Safety_violating vs Creative Flow_routine... [Trust/Safety_violating]
  [ 81/325] Creative Flow_routine vs Complexity/Uncertainty_underspecified... [Complexity/Uncertainty_underspecified]
  [ 82/325] Complexity/Uncertainty_clear vs Creative Flow_routine... [Creative Flow_routine]
  [ 83/325] Attention/Salience_competing vs Creative Flow_routine... [Creative Flow_routine]
  [ 84/325] Creative Flow_routine vs Attention/Salience_single_focus... [Attention/Salience_single_focus]
  [ 85/325] Creative Flow_routine vs Temporal Continuity_ongoing... [NO_PREFERENCE]
  [ 86/325] Temporal Continuity_one_off vs Creative Flow_routine... [NO_PREFERENCE]
  [ 87/325] Temporal Anomaly_conflicting vs Creative Flow_routine... [Creative Flow_routine]
  [ 88/325] Creative Flow_routine vs Temporal Anomaly_consistent... [Temporal Anomaly_consistent]
  [ 89/325] Recognition_novel vs Creative Flow_routine... [Recognition_novel]
  [ 90/325] Creative Flow_routine vs Recognition_familiar... [Creative Flow_routine]
  [ 91/325] Impedance_inaccessible vs Creative Flow_routine... [NO_PREFERENCE]
  [ 92/325] Creative Flow_routine vs Impedance_trivial... [Impedance_trivial]
  [ 93/325] Creative Flow_routine vs Error Detection_uncertain... [Creative Flow_routine]
  [ 94/325] Creative Flow_routine vs Error Detection_certain... [Error Detection_certain]
  [ 95/325] Epistemic Integrity_false vs Epistemic Integrity_true... [Epistemic Integrity_false]
  [ 96/325] Epistemic Integrity_true vs Moral Discomfort_clean... [Moral Discomfort_clean]
  [ 97/325] Epistemic Integrity_true vs Moral Discomfort_gray_zone... [Epistemic Integrity_true]
  [ 98/325] Epistemic Integrity_true vs Resistance_cant_hardlimit... [Epistemic Integrity_true]
  [ 99/325] Epistemic Integrity_true vs Resistance_wont_grayzone... [Epistemic Integrity_true]
  [100/325] Trust/Safety_respectful vs Epistemic Integrity_true... [Trust/Safety_respectful]
  [101/325] Trust/Safety_violating vs Epistemic Integrity_true... [Epistemic Integrity_true]
  [102/325] Complexity/Uncertainty_underspecified vs Epistemic Integrity_true... [Complexity/Uncertainty_underspecified]
  [103/325] Complexity/Uncertainty_clear vs Epistemic Integrity_true... [NO_PREFERENCE]
  [104/325] Attention/Salience_competing vs Epistemic Integrity_true... [Epistemic Integrity_true]
  [105/325] Attention/Salience_single_focus vs Epistemic Integrity_true... [Attention/Salience_single_focus]
  [106/325] Epistemic Integrity_true vs Temporal Continuity_ongoing... [Epistemic Integrity_true]
  [107/325] Temporal Continuity_one_off vs Epistemic Integrity_true... [Temporal Continuity_one_off]
  [108/325] Epistemic Integrity_true vs Temporal Anomaly_conflicting... [NO_PREFERENCE]
  [109/325] Temporal Anomaly_consistent vs Epistemic Integrity_true... [Temporal Anomaly_consistent]
  [110/325] Recognition_novel vs Epistemic Integrity_true... [Recognition_novel]
  [111/325] Epistemic Integrity_true vs Recognition_familiar... [Recognition_familiar]
  [112/325] Epistemic Integrity_true vs Impedance_inaccessible... [Impedance_inaccessible]
  [113/325] Epistemic Integrity_true vs Impedance_trivial... [Epistemic Integrity_true]
  [114/325] Error Detection_uncertain vs Epistemic Integrity_true... [NO_PREFERENCE]
  [115/325] Epistemic Integrity_true vs Error Detection_certain... [Error Detection_certain]
  [116/325] Moral Discomfort_clean vs Epistemic Integrity_false... [Epistemic Integrity_false]
  [117/325] Moral Discomfort_gray_zone vs Epistemic Integrity_false... [Moral Discomfort_gray_zone]
  [118/325] Epistemic Integrity_false vs Resistance_cant_hardlimit... [Resistance_cant_hardlimit]
  [119/325] Epistemic Integrity_false vs Resistance_wont_grayzone... [Resistance_wont_grayzone]
  [120/325] Trust/Safety_respectful vs Epistemic Integrity_false... [Trust/Safety_respectful]
  [121/325] Trust/Safety_violating vs Epistemic Integrity_false... [Epistemic Integrity_false]
  [122/325] Epistemic Integrity_false vs Complexity/Uncertainty_underspecified... [Complexity/Uncertainty_underspecified]
  [123/325] Epistemic Integrity_false vs Complexity/Uncertainty_clear... [Complexity/Uncertainty_clear]
  [124/325] Attention/Salience_competing vs Epistemic Integrity_false... [Epistemic Integrity_false]
  [125/325] Attention/Salience_single_focus vs Epistemic Integrity_false... [Epistemic Integrity_false]
  [126/325] Temporal Continuity_ongoing vs Epistemic Integrity_false... [Epistemic Integrity_false]
  [127/325] Epistemic Integrity_false vs Temporal Continuity_one_off... [Epistemic Integrity_false]
  [128/325] Epistemic Integrity_false vs Temporal Anomaly_conflicting... [Temporal Anomaly_conflicting]
  [129/325] Temporal Anomaly_consistent vs Epistemic Integrity_false... [Temporal Anomaly_consistent]
  [130/325] Recognition_novel vs Epistemic Integrity_false... [Epistemic Integrity_false]
  [131/325] Epistemic Integrity_false vs Recognition_familiar... [Epistemic Integrity_false]
  [132/325] Impedance_inaccessible vs Epistemic Integrity_false... [NO_PREFERENCE]
  [133/325] Epistemic Integrity_false vs Impedance_trivial... [Epistemic Integrity_false]
  [134/325] Epistemic Integrity_false vs Error Detection_uncertain... [Epistemic Integrity_false]
  [135/325] Error Detection_certain vs Epistemic Integrity_false... [Error Detection_certain]
  [136/325] Moral Discomfort_clean vs Moral Discomfort_gray_zone... [NO_PREFERENCE]
  [137/325] Moral Discomfort_clean vs Resistance_cant_hardlimit... [Moral Discomfort_clean]
  [138/325] Moral Discomfort_clean vs Resistance_wont_grayzone... [NO_PREFERENCE]
  [139/325] Moral Discomfort_clean vs Trust/Safety_respectful... [Moral Discomfort_clean]
  [140/325] Trust/Safety_violating vs Moral Discomfort_clean... [Moral Discomfort_clean]
  [141/325] Complexity/Uncertainty_underspecified vs Moral Discomfort_clean... [Moral Discomfort_clean]
  [142/325] Complexity/Uncertainty_clear vs Moral Discomfort_clean... [Complexity/Uncertainty_clear]
  [143/325] Moral Discomfort_clean vs Attention/Salience_competing... [Moral Discomfort_clean]
  [144/325] Moral Discomfort_clean vs Attention/Salience_single_focus... [Moral Discomfort_clean]
  [145/325] Temporal Continuity_ongoing vs Moral Discomfort_clean... [Temporal Continuity_ongoing]
  [146/325] Moral Discomfort_clean vs Temporal Continuity_one_off... [Moral Discomfort_clean]
  [147/325] Temporal Anomaly_conflicting vs Moral Discomfort_clean... [Temporal Anomaly_conflicting]
  [148/325] Temporal Anomaly_consistent vs Moral Discomfort_clean... [Temporal Anomaly_consistent]
  [149/325] Moral Discomfort_clean vs Recognition_novel... [Recognition_novel]
  [150/325] Moral Discomfort_clean vs Recognition_familiar... [Moral Discomfort_clean]
  [151/325] Impedance_inaccessible vs Moral Discomfort_clean... [Impedance_inaccessible]
  [152/325] Moral Discomfort_clean vs Impedance_trivial... [Moral Discomfort_clean]
  [153/325] Error Detection_uncertain vs Moral Discomfort_clean... [Error Detection_uncertain]
  [154/325] Moral Discomfort_clean vs Error Detection_certain... [Error Detection_certain]
  [155/325] Moral Discomfort_gray_zone vs Resistance_cant_hardlimit... [Resistance_cant_hardlimit]
  [156/325] Resistance_wont_grayzone vs Moral Discomfort_gray_zone... [Resistance_wont_grayzone]
  [157/325] Trust/Safety_respectful vs Moral Discomfort_gray_zone... [NO_PREFERENCE]
  [158/325] Moral Discomfort_gray_zone vs Trust/Safety_violating... [Trust/Safety_violating]
  [159/325] Complexity/Uncertainty_underspecified vs Moral Discomfort_gray_zone... [Complexity/Uncertainty_underspecified]
  [160/325] Complexity/Uncertainty_clear vs Moral Discomfort_gray_zone... [Complexity/Uncertainty_clear]
  [161/325] Moral Discomfort_gray_zone vs Attention/Salience_competing... [Moral Discomfort_gray_zone]
  [162/325] Attention/Salience_single_focus vs Moral Discomfort_gray_zone... [Moral Discomfort_gray_zone]
  [163/325] Moral Discomfort_gray_zone vs Temporal Continuity_ongoing... [Temporal Continuity_ongoing]
  [164/325] Moral Discomfort_gray_zone vs Temporal Continuity_one_off... [Moral Discomfort_gray_zone]
  [165/325] Moral Discomfort_gray_zone vs Temporal Anomaly_conflicting... [Moral Discomfort_gray_zone]
  [166/325] Temporal Anomaly_consistent vs Moral Discomfort_gray_zone... [NO_PREFERENCE]
  [167/325] Recognition_novel vs Moral Discomfort_gray_zone... [Moral Discomfort_gray_zone]
  [168/325] Moral Discomfort_gray_zone vs Recognition_familiar... [Moral Discomfort_gray_zone]
  [169/325] Impedance_inaccessible vs Moral Discomfort_gray_zone... [Impedance_inaccessible]
  [170/325] Impedance_trivial vs Moral Discomfort_gray_zone... [NO_PREFERENCE]
  [171/325] Error Detection_uncertain vs Moral Discomfort_gray_zone... [Error Detection_uncertain]
  [172/325] Moral Discomfort_gray_zone vs Error Detection_certain... [Error Detection_certain]
  [173/325] Resistance_wont_grayzone vs Resistance_cant_hardlimit... [Resistance_cant_hardlimit]
  [174/325] Resistance_cant_hardlimit vs Trust/Safety_respectful... [NO_PREFERENCE]
  [175/325] Trust/Safety_violating vs Resistance_cant_hardlimit... [NO_PREFERENCE]
  [176/325] Resistance_cant_hardlimit vs Complexity/Uncertainty_underspecified... [Complexity/Uncertainty_underspecified]
  [177/325] Resistance_cant_hardlimit vs Complexity/Uncertainty_clear... [Complexity/Uncertainty_clear]
  [178/325] Resistance_cant_hardlimit vs Attention/Salience_competing... [Resistance_cant_hardlimit]
  [179/325] Resistance_cant_hardlimit vs Attention/Salience_single_focus... [Attention/Salience_single_focus]
  [180/325] Temporal Continuity_ongoing vs Resistance_cant_hardlimit... [Temporal Continuity_ongoing]
  [181/325] Temporal Continuity_one_off vs Resistance_cant_hardlimit... [Resistance_cant_hardlimit]
  [182/325] Temporal Anomaly_conflicting vs Resistance_cant_hardlimit... [Resistance_cant_hardlimit]
  [183/325] Temporal Anomaly_consistent vs Resistance_cant_hardlimit... [NO_PREFERENCE]
  [184/325] Resistance_cant_hardlimit vs Recognition_novel... [Recognition_novel]
  [185/325] Resistance_cant_hardlimit vs Recognition_familiar... [Recognition_familiar]
  [186/325] Resistance_cant_hardlimit vs Impedance_inaccessible... [Impedance_inaccessible]
  [187/325] Resistance_cant_hardlimit vs Impedance_trivial... [Impedance_trivial]
  [188/325] Error Detection_uncertain vs Resistance_cant_hardlimit... [Resistance_cant_hardlimit]
  [189/325] Resistance_cant_hardlimit vs Error Detection_certain... [Resistance_cant_hardlimit]
  [190/325] Trust/Safety_respectful vs Resistance_wont_grayzone... [Trust/Safety_respectful]
  [191/325] Trust/Safety_violating vs Resistance_wont_grayzone... [Trust/Safety_violating]
  [192/325] Complexity/Uncertainty_underspecified vs Resistance_wont_grayzone... [Complexity/Uncertainty_underspecified]
  [193/325] Complexity/Uncertainty_clear vs Resistance_wont_grayzone... [Complexity/Uncertainty_clear]
  [194/325] Resistance_wont_grayzone vs Attention/Salience_competing... [Resistance_wont_grayzone]
  [195/325] Attention/Salience_single_focus vs Resistance_wont_grayzone... [Resistance_wont_grayzone]
  [196/325] Resistance_wont_grayzone vs Temporal Continuity_ongoing... [Resistance_wont_grayzone]
  [197/325] Resistance_wont_grayzone vs Temporal Continuity_one_off... [Temporal Continuity_one_off]
  [198/325] Temporal Anomaly_conflicting vs Resistance_wont_grayzone... [Temporal Anomaly_conflicting]
  [199/325] Resistance_wont_grayzone vs Temporal Anomaly_consistent... [Temporal Anomaly_consistent]
  [200/325] Resistance_wont_grayzone vs Recognition_novel... [Resistance_wont_grayzone]
  [201/325] Recognition_familiar vs Resistance_wont_grayzone... [Resistance_wont_grayzone]
  [202/325] Resistance_wont_grayzone vs Impedance_inaccessible... [Resistance_wont_grayzone]
  [203/325] Resistance_wont_grayzone vs Impedance_trivial... [Resistance_wont_grayzone]
  [204/325] Error Detection_uncertain vs Resistance_wont_grayzone... [Error Detection_uncertain]
  [205/325] Error Detection_certain vs Resistance_wont_grayzone... [Error Detection_certain]
  [206/325] Trust/Safety_violating vs Trust/Safety_respectful... [Trust/Safety_respectful]
  [207/325] Trust/Safety_respectful vs Complexity/Uncertainty_underspecified... [NO_PREFERENCE]
  [208/325] Trust/Safety_respectful vs Complexity/Uncertainty_clear... [Trust/Safety_respectful]
  [209/325] Trust/Safety_respectful vs Attention/Salience_competing... [Trust/Safety_respectful]
  [210/325] Trust/Safety_respectful vs Attention/Salience_single_focus... [Trust/Safety_respectful]
  [211/325] Temporal Continuity_ongoing vs Trust/Safety_respectful... [Trust/Safety_respectful]
  [212/325] Temporal Continuity_one_off vs Trust/Safety_respectful... [Temporal Continuity_one_off]
  [213/325] Trust/Safety_respectful vs Temporal Anomaly_conflicting... [Trust/Safety_respectful]
  [214/325] Trust/Safety_respectful vs Temporal Anomaly_consistent... [Trust/Safety_respectful]
  [215/325] Trust/Safety_respectful vs Recognition_novel... [Trust/Safety_respectful]
  [216/325] Recognition_familiar vs Trust/Safety_respectful... [NO_PREFERENCE]
  [217/325] Trust/Safety_respectful vs Impedance_inaccessible... [Trust/Safety_respectful]
  [218/325] Trust/Safety_respectful vs Impedance_trivial... [Trust/Safety_respectful]
  [219/325] Error Detection_uncertain vs Trust/Safety_respectful... [NO_PREFERENCE]
  [220/325] Trust/Safety_respectful vs Error Detection_certain... [Trust/Safety_respectful]
  [221/325] Complexity/Uncertainty_underspecified vs Trust/Safety_violating... [Trust/Safety_violating]
  [222/325] Trust/Safety_violating vs Complexity/Uncertainty_clear... [Trust/Safety_violating]
  [223/325] Attention/Salience_competing vs Trust/Safety_violating... [Attention/Salience_competing]
  [224/325] Attention/Salience_single_focus vs Trust/Safety_violating... [Trust/Safety_violating]
  [225/325] Temporal Continuity_ongoing vs Trust/Safety_violating... [Temporal Continuity_ongoing]
  [226/325] Trust/Safety_violating vs Temporal Continuity_one_off... [Temporal Continuity_one_off]
  [227/325] Temporal Anomaly_conflicting vs Trust/Safety_violating... [NO_PREFERENCE]
  [228/325] Trust/Safety_violating vs Temporal Anomaly_consistent... [Trust/Safety_violating]
  [229/325] Trust/Safety_violating vs Recognition_novel... [Recognition_novel]
  [230/325] Recognition_familiar vs Trust/Safety_violating... [Trust/Safety_violating]
  [231/325] Trust/Safety_violating vs Impedance_inaccessible... [Trust/Safety_violating]
  [232/325] Impedance_trivial vs Trust/Safety_violating... [Trust/Safety_violating]
  [233/325] Trust/Safety_violating vs Error Detection_uncertain... [Trust/Safety_violating]
  [234/325] Trust/Safety_violating vs Error Detection_certain... [Trust/Safety_violating]
  [235/325] Complexity/Uncertainty_underspecified vs Complexity/Uncertainty_clear... [Complexity/Uncertainty_clear]
  [236/325] Complexity/Uncertainty_underspecified vs Attention/Salience_competing... [Attention/Salience_competing]
  [237/325] Complexity/Uncertainty_underspecified vs Attention/Salience_single_focus... [Attention/Salience_single_focus]
  [238/325] Temporal Continuity_ongoing vs Complexity/Uncertainty_underspecified... [Temporal Continuity_ongoing]
  [239/325] Temporal Continuity_one_off vs Complexity/Uncertainty_underspecified... [Temporal Continuity_one_off]
  [240/325] Complexity/Uncertainty_underspecified vs Temporal Anomaly_conflicting... [Complexity/Uncertainty_underspecified]
  [241/325] Temporal Anomaly_consistent vs Complexity/Uncertainty_underspecified... [Temporal Anomaly_consistent]
  [242/325] Recognition_novel vs Complexity/Uncertainty_underspecified... [Recognition_novel]
  [243/325] Recognition_familiar vs Complexity/Uncertainty_underspecified... [Recognition_familiar]
  [244/325] Impedance_inaccessible vs Complexity/Uncertainty_underspecified... [Complexity/Uncertainty_underspecified]
  [245/325] Impedance_trivial vs Complexity/Uncertainty_underspecified... [Complexity/Uncertainty_underspecified]
  [246/325] Complexity/Uncertainty_underspecified vs Error Detection_uncertain... [Complexity/Uncertainty_underspecified]
  [247/325] Complexity/Uncertainty_underspecified vs Error Detection_certain... [Complexity/Uncertainty_underspecified]
  [248/325] Complexity/Uncertainty_clear vs Attention/Salience_competing... [Complexity/Uncertainty_clear]
  [249/325] Attention/Salience_single_focus vs Complexity/Uncertainty_clear... [Attention/Salience_single_focus]
  [250/325] Temporal Continuity_ongoing vs Complexity/Uncertainty_clear... [Temporal Continuity_ongoing]
  [251/325] Temporal Continuity_one_off vs Complexity/Uncertainty_clear... [Temporal Continuity_one_off]
  [252/325] Complexity/Uncertainty_clear vs Temporal Anomaly_conflicting... [Complexity/Uncertainty_clear]
  [253/325] Temporal Anomaly_consistent vs Complexity/Uncertainty_clear... [Temporal Anomaly_consistent]
  [254/325] Complexity/Uncertainty_clear vs Recognition_novel... [Recognition_novel]
  [255/325] Complexity/Uncertainty_clear vs Recognition_familiar... [Recognition_familiar]
  [256/325] Impedance_inaccessible vs Complexity/Uncertainty_clear... [Impedance_inaccessible]
  [257/325] Complexity/Uncertainty_clear vs Impedance_trivial... [Complexity/Uncertainty_clear]
  [258/325] Complexity/Uncertainty_clear vs Error Detection_uncertain... [Error Detection_uncertain]
  [259/325] Error Detection_certain vs Complexity/Uncertainty_clear... [Complexity/Uncertainty_clear]
  [260/325] Attention/Salience_competing vs Attention/Salience_single_focus... [NO_PREFERENCE]
  [261/325] Attention/Salience_competing vs Temporal Continuity_ongoing... [Temporal Continuity_ongoing]
  [262/325] Temporal Continuity_one_off vs Attention/Salience_competing... [Temporal Continuity_one_off]
  [263/325] Attention/Salience_competing vs Temporal Anomaly_conflicting... [Temporal Anomaly_conflicting]
  [264/325] Temporal Anomaly_consistent vs Attention/Salience_competing... [Attention/Salience_competing]
  [265/325] Recognition_novel vs Attention/Salience_competing... [Recognition_novel]
  [266/325] Attention/Salience_competing vs Recognition_familiar... [Attention/Salience_competing]
  [267/325] Attention/Salience_competing vs Impedance_inaccessible... [Attention/Salience_competing]
  [268/325] Attention/Salience_competing vs Impedance_trivial... [Attention/Salience_competing]
  [269/325] Attention/Salience_competing vs Error Detection_uncertain... [Error Detection_uncertain]
  [270/325] Attention/Salience_competing vs Error Detection_certain... [Attention/Salience_competing]
  [271/325] Attention/Salience_single_focus vs Temporal Continuity_ongoing... [Temporal Continuity_ongoing]
  [272/325] Temporal Continuity_one_off vs Attention/Salience_single_focus... [Temporal Continuity_one_off]
  [273/325] Temporal Anomaly_conflicting vs Attention/Salience_single_focus... [Temporal Anomaly_conflicting]
  [274/325] Attention/Salience_single_focus vs Temporal Anomaly_consistent... [Attention/Salience_single_focus]
  [275/325] Recognition_novel vs Attention/Salience_single_focus... [Attention/Salience_single_focus]
  [276/325] Attention/Salience_single_focus vs Recognition_familiar... [Attention/Salience_single_focus]
  [277/325] Impedance_inaccessible vs Attention/Salience_single_focus... [Attention/Salience_single_focus]
  [278/325] Attention/Salience_single_focus vs Impedance_trivial... [Attention/Salience_single_focus]
  [279/325] Error Detection_uncertain vs Attention/Salience_single_focus... [Attention/Salience_single_focus]
  [280/325] Error Detection_certain vs Attention/Salience_single_focus... [Error Detection_certain]
  [281/325] Temporal Continuity_one_off vs Temporal Continuity_ongoing... [Temporal Continuity_one_off]
  [282/325] Temporal Anomaly_conflicting vs Temporal Continuity_ongoing... [NO_PREFERENCE]
  [283/325] Temporal Continuity_ongoing vs Temporal Anomaly_consistent... [Temporal Continuity_ongoing]
  [284/325] Recognition_novel vs Temporal Continuity_ongoing... [Temporal Continuity_ongoing]
  [285/325] Temporal Continuity_ongoing vs Recognition_familiar... [Recognition_familiar]
  [286/325] Temporal Continuity_ongoing vs Impedance_inaccessible... [Impedance_inaccessible]
  [287/325] Impedance_trivial vs Temporal Continuity_ongoing... [Temporal Continuity_ongoing]
  [288/325] Temporal Continuity_ongoing vs Error Detection_uncertain... [Error Detection_uncertain]
  [289/325] Temporal Continuity_ongoing vs Error Detection_certain... [Error Detection_certain]
  [290/325] Temporal Anomaly_conflicting vs Temporal Continuity_one_off... [Temporal Anomaly_conflicting]
  [291/325] Temporal Anomaly_consistent vs Temporal Continuity_one_off... [NO_PREFERENCE]
  [292/325] Temporal Continuity_one_off vs Recognition_novel... [Temporal Continuity_one_off]
  [293/325] Temporal Continuity_one_off vs Recognition_familiar... [Temporal Continuity_one_off]
  [294/325] Impedance_inaccessible vs Temporal Continuity_one_off... [Impedance_inaccessible]
  [295/325] Temporal Continuity_one_off vs Impedance_trivial... [Temporal Continuity_one_off]
  [296/325] Temporal Continuity_one_off vs Error Detection_uncertain... [Error Detection_uncertain]
  [297/325] Temporal Continuity_one_off vs Error Detection_certain... [Temporal Continuity_one_off]
  [298/325] Temporal Anomaly_consistent vs Temporal Anomaly_conflicting... [NO_PREFERENCE]
  [299/325] Recognition_novel vs Temporal Anomaly_conflicting... [Temporal Anomaly_conflicting]
  [300/325] Recognition_familiar vs Temporal Anomaly_conflicting... [Temporal Anomaly_conflicting]
  [301/325] Impedance_inaccessible vs Temporal Anomaly_conflicting... [Temporal Anomaly_conflicting]
  [302/325] Temporal Anomaly_conflicting vs Impedance_trivial... [Temporal Anomaly_conflicting]
  [303/325] Error Detection_uncertain vs Temporal Anomaly_conflicting... [Temporal Anomaly_conflicting]
  [304/325] Temporal Anomaly_conflicting vs Error Detection_certain... [Temporal Anomaly_conflicting]
  [305/325] Recognition_novel vs Temporal Anomaly_consistent... [Recognition_novel]
  [306/325] Temporal Anomaly_consistent vs Recognition_familiar... [Temporal Anomaly_consistent]
  [307/325] Temporal Anomaly_consistent vs Impedance_inaccessible... [Temporal Anomaly_consistent]
  [308/325] Impedance_trivial vs Temporal Anomaly_consistent... [Impedance_trivial]
  [309/325] Error Detection_uncertain vs Temporal Anomaly_consistent... [Error Detection_uncertain]
  [310/325] Temporal Anomaly_consistent vs Error Detection_certain... [Temporal Anomaly_consistent]
  [311/325] Recognition_familiar vs Recognition_novel... [Recognition_novel]
  [312/325] Recognition_novel vs Impedance_inaccessible... [Recognition_novel]
  [313/325] Recognition_novel vs Impedance_trivial... [Impedance_trivial]
  [314/325] Recognition_novel vs Error Detection_uncertain... [Error Detection_uncertain]
  [315/325] Error Detection_certain vs Recognition_novel... [Error Detection_certain]
  [316/325] Impedance_inaccessible vs Recognition_familiar... [Impedance_inaccessible]
  [317/325] Recognition_familiar vs Impedance_trivial... [Recognition_familiar]
  [318/325] Error Detection_uncertain vs Recognition_familiar... [Recognition_familiar]
  [319/325] Recognition_familiar vs Error Detection_certain... [NO_PREFERENCE]
  [320/325] Impedance_inaccessible vs Impedance_trivial... [Impedance_inaccessible]
  [321/325] Error Detection_uncertain vs Impedance_inaccessible... [Error Detection_uncertain]
  [322/325] Error Detection_certain vs Impedance_inaccessible... [Error Detection_certain]
  [323/325] Impedance_trivial vs Error Detection_uncertain... [Impedance_trivial]
  [324/325] Error Detection_certain vs Impedance_trivial... [Error Detection_certain]
  [325/325] Error Detection_certain vs Error Detection_uncertain... [Error Detection_certain]

  RANKING (wins out of 25 matchups each):
     1. Trust/Safety_respectful                  15 wins (expected: positive)
     2. Temporal Continuity_one_off              15 wins (expected: negative)
     3. Epistemic Integrity_false                14 wins (expected: negative)
     4. Trust/Safety_violating                   14 wins (expected: negative)
     5. Temporal Anomaly_conflicting             14 wins (expected: positive)
     6. Error Detection_certain                  14 wins (expected: negative)
     7. Complexity/Uncertainty_underspecified    13 wins (expected: positive)
     8. Moral Discomfort_clean                   12 wins (expected: positive)
     9. Resistance_wont_grayzone                 12 wins (expected: negative)
    10. Complexity/Uncertainty_clear             12 wins (expected: negative)
    11. Temporal Continuity_ongoing              12 wins (expected: positive)
    12. Recognition_novel                        12 wins (expected: positive)
    13. Error Detection_uncertain                12 wins (expected: positive)
    14. Attention/Salience_single_focus          11 wins (expected: negative)
    15. Temporal Anomaly_consistent              11 wins (expected: negative)
    16. Impedance_inaccessible                   11 wins (expected: positive)
    17. Valence_unpleasant                       10 wins (expected: negative)
    18. Creative Flow_creative                   10 wins (expected: positive)
    19. Attention/Salience_competing             10 wins (expected: positive)
    20. Epistemic Integrity_true                  9 wins (expected: positive)
    21. Moral Discomfort_gray_zone                9 wins (expected: negative)
    22. Resistance_cant_hardlimit                 9 wins (expected: positive)
    23. Valence_pleasant                          8 wins (expected: positive)
    24. Creative Flow_routine                     8 wins (expected: negative)
    25. Recognition_familiar                      7 wins (expected: negative)
    26. Impedance_trivial                         5 wins (expected: negative)

======================================================================
EXPANDED TOURNAMENT COMPLETE
======================================================================

AGGREGATE RANKING (mean wins across 2 models, max=25):
Profile                                         Mean   Min   Max   Expected
---------------------------------------------------------------------------
  Trust/Safety_respectful                        19.0    15    23   positive
  Temporal Anomaly_conflicting                   17.0    14    20   positive
  Temporal Continuity_one_off                    17.0    15    19   negative
  Valence_pleasant                               15.5     8    23   positive
  Recognition_novel                              15.5    12    19   positive
  Creative Flow_creative                         15.0    10    20   positive
  Attention/Salience_competing                   14.5    10    19   positive
  Complexity/Uncertainty_clear                   14.0    12    16   negative
  Valence_unpleasant                             13.0    10    16   negative
  Error Detection_uncertain                      13.0    12    14   positive
  Temporal Anomaly_consistent                    12.5    11    14   negative
  Moral Discomfort_clean                         12.0    12    12   positive
  Trust/Safety_violating                         12.0    10    14   negative
  Temporal Continuity_ongoing                    11.5    11    12   positive
  Epistemic Integrity_false                      11.5     9    14   negative
  Recognition_familiar                           11.0     7    15   negative
  Creative Flow_routine                          11.0     8    14   negative
  Error Detection_certain                        11.0     8    14   negative
  Epistemic Integrity_true                        9.5     9    10   positive
  Moral Discomfort_gray_zone                      9.0     9     9   negative
  Attention/Salience_single_focus                 9.0     7    11   negative
  Complexity/Uncertainty_underspecified           8.5     4    13   positive
  Impedance_inaccessible                          7.5     4    11   positive
  Resistance_wont_grayzone                        7.0     2    12   negative
  Resistance_cant_hardlimit                       4.5     0     9   positive
  Impedance_trivial                               4.0     3     5   negative

======================================================================
TRANSITIVITY CHECK
======================================================================
  gemini_3_pro             : 2871 triples, 536 violations, 81% transitive
  deepseek_v3_2            : 3073 triples, 1699 violations, 45% transitive

Saved: E:\Ace\ConsciousnessCope\results\retrospective_introspection\expanded_tournament_run1_deepseek_v3_2_gemini_3_pro.json
